{
  "version": "1.5.0",
  "plugins_used": [
    {
      "name": "ArtifactoryDetector"
    },
    {
      "name": "AWSKeyDetector"
    },
    {
      "name": "AzureStorageKeyDetector"
    },
    {
      "name": "Base64HighEntropyString",
      "limit": 4.5
    },
    {
      "name": "BasicAuthDetector"
    },
    {
      "name": "CloudantDetector"
    },
    {
      "name": "DiscordBotTokenDetector"
    },
    {
      "name": "GitHubTokenDetector"
    },
    {
      "name": "GitLabTokenDetector"
    },
    {
      "name": "HexHighEntropyString",
      "limit": 3.0
    },
    {
      "name": "IbmCloudIamDetector"
    },
    {
      "name": "IbmCosHmacDetector"
    },
    {
      "name": "IPPublicDetector"
    },
    {
      "name": "JwtTokenDetector"
    },
    {
      "name": "KeywordDetector",
      "keyword_exclude": ""
    },
    {
      "name": "MailchimpDetector"
    },
    {
      "name": "NpmDetector"
    },
    {
      "name": "OpenAIDetector"
    },
    {
      "name": "PrivateKeyDetector"
    },
    {
      "name": "PypiTokenDetector"
    },
    {
      "name": "SendGridDetector"
    },
    {
      "name": "SlackDetector"
    },
    {
      "name": "SoftlayerDetector"
    },
    {
      "name": "SquareOAuthDetector"
    },
    {
      "name": "StripeDetector"
    },
    {
      "name": "TelegramBotTokenDetector"
    },
    {
      "name": "TwilioKeyDetector"
    }
  ],
  "filters_used": [
    {
      "path": "detect_secrets.filters.allowlist.is_line_allowlisted"
    },
    {
      "path": "detect_secrets.filters.common.is_ignored_due_to_verification_policies",
      "min_level": 2
    },
    {
      "path": "detect_secrets.filters.heuristic.is_indirect_reference"
    },
    {
      "path": "detect_secrets.filters.heuristic.is_likely_id_string"
    },
    {
      "path": "detect_secrets.filters.heuristic.is_lock_file"
    },
    {
      "path": "detect_secrets.filters.heuristic.is_not_alphanumeric_string"
    },
    {
      "path": "detect_secrets.filters.heuristic.is_potential_uuid"
    },
    {
      "path": "detect_secrets.filters.heuristic.is_prefixed_with_dollar_sign"
    },
    {
      "path": "detect_secrets.filters.heuristic.is_sequential_string"
    },
    {
      "path": "detect_secrets.filters.heuristic.is_swagger_file"
    },
    {
      "path": "detect_secrets.filters.heuristic.is_templated_secret"
    }
  ],
  "results": {
    "backend\\tests\\conftest.py": [
      {
        "type": "Secret Keyword",
        "filename": "backend\\tests\\conftest.py",
        "hashed_secret": "be604e3ebfb868fd0dbbddd3688b16a0da03ba79",
        "is_verified": false,
        "line_number": 6
      },
      {
        "type": "Secret Keyword",
        "filename": "backend\\tests\\conftest.py",
        "hashed_secret": "739a9815bc4787f18121ecca8dc047f0defe673c",
        "is_verified": false,
        "line_number": 7
      }
    ],
    "backend\\tests\\security\\test_security_audit.py": [
      {
        "type": "Secret Keyword",
        "filename": "backend\\tests\\security\\test_security_audit.py",
        "hashed_secret": "be604e3ebfb868fd0dbbddd3688b16a0da03ba79",
        "is_verified": false,
        "line_number": 23
      },
      {
        "type": "Secret Keyword",
        "filename": "backend\\tests\\security\\test_security_audit.py",
        "hashed_secret": "c037a438da9b7851b11291ed9b113c57fdd9694e",
        "is_verified": false,
        "line_number": 24
      }
    ],
    "backend\\tests\\unit\\test_adapters.py": [
      {
        "type": "Secret Keyword",
        "filename": "backend\\tests\\unit\\test_adapters.py",
        "hashed_secret": "e9a5f12a8ecbb3eb46eca5096b5c52aa5e7c9fdd",
        "is_verified": false,
        "line_number": 132
      },
      {
        "type": "Secret Keyword",
        "filename": "backend\\tests\\unit\\test_adapters.py",
        "hashed_secret": "a62f2225bf70bfaccbc7f1ef2a397836717377de",
        "is_verified": false,
        "line_number": 153
      },
      {
        "type": "Secret Keyword",
        "filename": "backend\\tests\\unit\\test_adapters.py",
        "hashed_secret": "fb0123cbab73d8a58896fbe39b8b7b5b6df15c5e",
        "is_verified": false,
        "line_number": 234
      },
      {
        "type": "Secret Keyword",
        "filename": "backend\\tests\\unit\\test_adapters.py",
        "hashed_secret": "61ba747fe2f5b3d513c40550084c6284fbbc1094",
        "is_verified": false,
        "line_number": 370
      }
    ]
  },
  "generated_at": "2026-09-07T17:18:40Z"
}
